1)
Disk /dev/sdb: 4 GiB, 4294967296 bytes, 8388608 sectors
Disk model: VBOX HARDDISK   
Units: sectors of 1 * 512 = 512 bytes
Sector size (logical/physical): 512 bytes / 512 bytes
I/O size (minimum/optimal): 512 bytes / 512 bytes


Disk /dev/sdc: 4 GiB, 4294967296 bytes, 8388608 sectors
Disk model: VBOX HARDDISK   
Units: sectors of 1 * 512 = 512 bytes
Sector size (logical/physical): 512 bytes / 512 bytes
I/O size (minimum/optimal): 512 bytes / 512 bytes

2)
sudo pvcreate /dev/sdb /dev/sdc
  Physical volume "/dev/sdb" successfully created.
  Physical volume "/dev/sdc" successfully created.

sudo pvdisplay 
  "/dev/sdb" is a new physical volume of "4,00 GiB"
  --- NEW Physical volume ---
  PV Name               /dev/sdb
  VG Name               
  PV Size               4,00 GiB
  Allocatable           NO
  PE Size               0   
  Total PE              0
  Free PE               0
  Allocated PE          0
  PV UUID               TWTIoT-7mDM-xiky-eHD6-cACQ-UC0i-Ja1z6T
   
  "/dev/sdc" is a new physical volume of "4,00 GiB"
  --- NEW Physical volume ---
  PV Name               /dev/sdc
  VG Name               
  PV Size               4,00 GiB
  Allocatable           NO
  PE Size               0   
  Total PE              0
  Free PE               0
  Allocated PE          0
  PV UUID               7LKJDE-q7BK-Wk0L-asLj-cVe1-IkkD-6A2F0T

3)
sudo vgcreate vgcaso /dev/sdb /dev/sdc
  Volume group "raid0" successfully created

sudo vgdisplay 
  --- Volume group ---
  VG Name               vgcaso
  System ID             
  Format                lvm2
  Metadata Areas        2
  Metadata Sequence No  1
  VG Access             read/write
  VG Status             resizable
  MAX LV                0
  Cur LV                0
  Open LV               0
  Max PV                0
  Cur PV                2
  Act PV                2
  VG Size               7,99 GiB
  PE Size               4,00 MiB
  Total PE              2046
  Alloc PE / Size       0 / 0   
  Free  PE / Size       2046 / 7,99 GiB
  VG UUID               z6CRM2-9bE0-0ZKw-JXBm-n0cV-ueOU-daUWlX
  
4)
sudo lvcreate -n lvol_seq -L 2G -i 1 --type linear vgcaso
  Logical volume "lvol_seq" created
  
sudo lvcreate -n lvol_banda -L 2G -i 2 --type striped vgcaso 
  Using default stripesize 64,00 KiB.
  Logical volume "lvol_banda" created.
  
sudo lvdisplay
  --- Logical volume ---
  LV Path                /dev/vgcaso/lvol_banda
  LV Name                lvol_banda
  VG Name                vgcaso
  LV UUID                2gQT7E-boIG-RdxT-p2DV-LwoG-gx49-qpPHFE
  LV Write Access        read/write
  LV Creation host, time solde-VirtualBox, 2020-04-27 16:08:04 +0200
  LV Status              available
  # open                 0
  LV Size                2,00 GiB
  Current LE             512
  Segments               1
  Allocation             inherit
  Read ahead sectors     auto
  - currently set to     512
  Block device           253:0
   
  --- Logical volume ---
  LV Path                /dev/vgcaso/lvol_seq
  LV Name                lvol_seq
  VG Name                vgcaso
  LV UUID                5S3jgU-tnux-DrfJ-be7f-Mu6K-Np3t-leFflx
  LV Write Access        read/write
  LV Creation host, time solde-VirtualBox, 2020-04-27 16:09:43 +0200
  LV Status              available
  # open                 0
  LV Size                2,00 GiB
  Current LE             512
  Segments               1
  Allocation             inherit
  Read ahead sectors     auto
  - currently set to     256
  Block device           253:1

sudo hdparm /dev/sdb

/dev/sdb:
 multcount     = 128 (on)
 IO_support    =  1 (32-bit)
 readonly      =  0 (off)
 readahead     = 256 (on)
 geometry      = 522/255/63, sectors = 8388608, start = 0

sudo hdparm /dev/sdc

/dev/sdc:
 multcount     = 128 (on)
 IO_support    =  1 (32-bit)
 readonly      =  0 (off)
 readahead     = 256 (on)
 geometry      = 522/255/63, sectors = 8388608, start = 0

5)
sudo mkfs.ext3 /dev/vgcaso/lvol_seq 
sudo mkfs.ext3 /dev/vgcaso/lvol_banda

sudo dd if=/dev/zero of=/dev/vgcaso/lvol_banda bs=1G count=1 oflag=direct
1+0 records in
1+0 records out
1073741824 bytes (1,1 GB, 1,0 GiB) copied, 2,05216 s, 523 MB/s

sudo dd if=/dev/zero of=/dev/vgcaso/lvol_seq bs=1G count=1 oflag=direct
1+0 records in
1+0 records out
1073741824 bytes (1,1 GB, 1,0 GiB) copied, 0,958032 s, 1,1 GB/s

\w ntfs

sudo dd if=/dev/zero of=/dev/vgcaso/lvol_seq bs=1G count=1 oflag=direct
1+0 records in
1+0 records out
1073741824 bytes (1,1 GB, 1,0 GiB) copied, 0,953578 s, 1,1 GB/s

sudo dd if=/dev/zero of=/dev/vgcaso/lvol_banda bs=1G count=1 oflag=direct
1+0 records in
1+0 records out
1073741824 bytes (1,1 GB, 1,0 GiB) copied, 1,6711 s, 643 MB/s

Abans i despres de fer servir la comanda /sbin/sysctl -w vm.drop_caches=3 no hi ha cap diferencia.
Es possible que aixo sigui degut a que ho estem fent en una vm.


